[training@localhost ~]$ mysql -u training -p
Enter password:
Welcome to the MySQL monitor.  Commands end with ; or \g.
Your MySQL connection id is 15
Server version: 5.1.66 Source distribution

Copyright (c) 2000, 2012, Oracle and/or its affiliates. All rights reserved.

Oracle is a registered trademark of Oracle Corporation and/or its
affiliates. Other names may be trademarks of their respective
owners.

Type 'help;' or '\h' for help. Type '\c' to clear the current input statement.

mysql> show database;
ERROR 1064 (42000): You have an error in your SQL syntax; check the
manual that corresponds to your MySQL server version for the right
syntax to use near 'database' at line 1
mysql> show databases;
+--------------------+
| Database           |
+--------------------+
| information_schema |
| ECommerce          |
| hue                |
| metastore          |
| movielens          |
| mysql              |
| poc                |
| test               |
| training           |
+--------------------+
9 rows in set (0.01 sec)

mysql> use poc
Database changed
mysql> show tables
    ->
    -> Ctrl-C -- exit!
Aborted
[training@localhost ~]$ mysql -u training -p
Enter password:
Welcome to the MySQL monitor.  Commands end with ; or \g.
Your MySQL connection id is 16
Server version: 5.1.66 Source distribution

Copyright (c) 2000, 2012, Oracle and/or its affiliates. All rights reserved.

Oracle is a registered trademark of Oracle Corporation and/or its
affiliates. Other names may be trademarks of their respective
owners.

Type 'help;' or '\h' for help. Type '\c' to clear the current input statement.

mysql> CREATE DATABASE Commerce;
Query OK, 1 row affected (0.00 sec)

mysql> use commerce;
ERROR 1049 (42000): Unknown database 'commerce'
mysql> use Ctrl-C -- exit!
Aborted
[training@localhost ~]$ mysql -u training -p
Enter password:
Welcome to the MySQL monitor.  Commands end with ; or \g.
Your MySQL connection id is 17
Server version: 5.1.66 Source distribution

Copyright (c) 2000, 2012, Oracle and/or its affiliates. All rights reserved.

Oracle is a registered trademark of Oracle Corporation and/or its
affiliates. Other names may be trademarks of their respective
owners.

Type 'help;' or '\h' for help. Type '\c' to clear the current input statement.

mysql> use Commerce;
Database changed
mysql>
mysql>
mysql> CREATE TABLE Clickstream(userID INT , timestamp TIMESTAMP, page
varchar(20));
Query OK, 0 rows affected (0.03 sec)

mysql> show tables;
+--------------------+
| Tables_in_Commerce |
+--------------------+
| Clickstream        |
+--------------------+
1 row in set (0.00 sec)

mysql> LOAD DATA local INFILE '/home/training/Downloads/Clickstream.csv' INTO
    -> TABLE Clickstream fields terminated by ','lines terminated by '\n' IGNORE
    -> 1 lines;
ERROR 2 (HY000): File '/home/training/Downloads/Clickstream.csv' not
found (Errcode: 2)
mysql> LOAD DATA local INFILE
'/home/training/Downloads/Clickstream.csv'INTO TABLE Clickstream
fields terminated ','lines terminated '\n' IGNORE 1 lines;
ERROR 1064 (42000): You have an error in your SQL syntax; check the
manual that corresponds to your MySQL server version for the right
syntax to use near '','lines terminated '\n' IGNORE 1 lines' at line 1
mysql> LOAD DATA local INFILE
'/home/training/Downloads/Clickstream.csv'INTOTABLE Clickstream fields
terminated ','lines terminated '\n' IGNORE 1 lines;
ERROR 1064 (42000): You have an error in your SQL syntax; check the
manual that corresponds to your MySQL server version for the right
syntax to use near 'INTOTABLE Clickstream fields terminated ','lines
terminated '\n' IGNORE 1 lines' at line 1
mysql> LOAD DATA local INFILE
'/home/training/Downloads/Clickstream.csv'INTO TABLE Clickstream
fields terminated ','lines terminated '\n' IGNORE 1 lines;
ERROR 1064 (42000): You have an error in your SQL syntax; check the
manual that corresponds to your MySQL server version for the right
syntax to use near '','lines terminated '\n' IGNORE 1 lines' at line 1
mysql> LOAD DATA local INFILE '/home/training/Downloads/customer.csv'
INTOTABLE customer fields terminated by ','lines terminated by '\n'
IGNORE1 lines
    -> ;
ERROR 1064 (42000): You have an error in your SQL syntax; check the
manual that corresponds to your MySQL server version for the right
syntax to use near 'INTOTABLE customer fields terminated by ','lines
terminated by '\n' IGNORE1 line' at line 1
mysql> LOAD DATA local INFILE '/home/training/Downloads/customer.csv'
INTOTABLE customer fields terminated by ','lines terminated by '\n'
IGNORE1 lines;
ERROR 1064 (42000): You have an error in your SQL syntax; check the
manual that corresponds to your MySQL server version for the right
syntax to use near 'INTOTABLE customer fields terminated by ','lines
terminated by '\n' IGNORE1 line' at line 1
mysql> LOAD DATA local INFILE
'/home/training/Downloads/Clickstream.csv' INTO TABLE customer fields
terminated by ','lines terminated by '\n' IGNORE1 lines;
ERROR 1064 (42000): You have an error in your SQL syntax; check the
manual that corresponds to your MySQL server version for the right
syntax to use near 'IGNORE1 lines' at line 1
mysql> LOAD DATA local INFILE
'/home/training/Downloads/Clickstream.csv' INTO TABLE customer fields
terminated by ','lines terminated by '\n' IGNORE 1 lines;
ERROR 1146 (42S02): Table 'Commerce.customer' doesn't exist
mysql> LOAD DATA local INFILE
'/home/training/Downloads/Clickstream.csv' INTO TABLE Clickstream
fields terminated by ','lines terminated by '\n' IGNORE 1 lines;
ERROR 2 (HY000): File '/home/training/Downloads/Clickstream.csv' not
found (Errcode: 2)
mysql> LOAD DATA local INFILE
'/home/training/Downloads/Clickstream_data.csv' INTO TABLE Clickstream
fields terminated by ','lines terminated by '\n' IGNORE 1 lines;
ERROR 2 (HY000): File '/home/training/Downloads/Clickstream_data.csv'
not found (Errcode: 2)
mysql> LOAD DATA local INFILE '/Dataset - clickstream_data.csv.csv'
INTO TABLE Clickstream fields terminated by ','lines termCtrl-C --
exit!IGNORE 1 lines;
Aborted
[training@localhost ~]$ mysql -u training -p
Enter password:
Welcome to the MySQL monitor.  Commands end with ; or \g.
Your MySQL connection id is 18
Server version: 5.1.66 Source distribution

Copyright (c) 2000, 2012, Oracle and/or its affiliates. All rights reserved.

Oracle is a registered trademark of Oracle Corporation and/or its
affiliates. Other names may be trademarks of their respective
owners.

Type 'help;' or '\h' for help. Type '\c' to clear the current input statement.

mysql> LOAD DATA local INFILE
'/home/training/Downloads/DatasetClickstream_data.csv.csv' INTO TABLE
Clickstream fields terminated by ','lines terminated by '\n' IGNORE 1
lines;
ERROR 1046 (3D000): No database selected
mysql> use Commerce;
Reading table information for completion of table and column names
You can turn off this feature to get a quicker startup with -A

Database changed
mysql> LOAD DATA local INFILE
'/home/training/Downloads/Dataset-Clickstream_data.csv.csv' INTO TABLE
Clickstream fields terminated by ','lines terminated by '\n' IGNORE 1
lines;
ERROR 2 (HY000): File
'/home/training/Downloads/Dataset-Clickstream_data.csv.csv' not found
(Errcode: 2)
mysql> LOAD DATA local INFILE
'/home/training/Downloads/clickstream.csv' INTO TABLE Clickstream
fields terminated by ','lines terminated by '\n' IGNORE 1 lines;
ERROR 2 (HY000): File '/home/training/Downloads/clickstream.csv' not
found (Errcode: 2)
mysql> LOAD DATA local INFILE '/home/training/Downloads/sujith.csv'
INTO TABLE Clickstream fields terminated by ','lines terminated by
'\n' IGNORE 1 lines;
Query OK, 13 rows affected (0.00 sec)
Records: 13  Deleted: 0  Skipped: 0  Warnings: 0

mysql> SELECT * FROM Clickstream;
+--------+---------------------+----------------+
| userID | timestamp           | page           |
+--------+---------------------+----------------+
      |1 | 2023-01-01 10:00:00 | homepage
  |    1 | 2023-01-01 10:01:00 | product_page
      |2 | 2023-01-01 10:02:00 | homepage
     | 2 | 2023-01-01 10:03:00 | cart_page
      |3 | 2023-01-01 10:05:00 | homepage
  |    3 | 2023-01-01 10:06:00 | product_page
     | 3 | 2023-01-01 10:07:00 | cart_page
      |4 | 2023-01-01 10:09:00 | homepage
  |    4 | 2023-01-01 10:10:00 | product_page
     | 4 | 2023-01-01 10:11:00 | cart_page
 |     4 | 2023-01-01 10:12:00 | checkout_page
      |5 | 2023-01-01 10:15:00 | homepage
|      5 | 2023-01-01 10:16:00 | product_page   |
+--------+---------------------+----------------+
13 rows in set (0.00 sec)

mysql>
mysql> use Commerce;
Database changed
mysql> CREATE TABLE customer(userID INT ,name varchar(20) ,email varchar(20);
ERROR 1064 (42000): You have an error in your SQL syntax; check the
manual that corresponds to your MySQL server version for the right
syntax to use near '' at line 1
mysql> CREATE TABLE customer(userID INT,name varchar(20),email varchar(20));
Query OK, 0 rows affected (0.04 sec)

mysql> LOAD DATA local INFILE '/home/training/Downloads/sujith2.csv'
INTO TABLE customer fields terminated by ','lines terminated by '\n'
IGNORE 1 lines;
Query OK, 5 rows affected, 5 warnings (0.00 sec)
Records: 5  Deleted: 0  Skipped: 0  Warnings: 5

mysql> use Commerce;
Database changed
mysql> CREATE TABLE purchase(userID INT,timestamp TIMESTAMP,amount varchar(20));
Query OK, 0 rows affected (0.02 sec)

mysql> LOAD DATA local INFILE '/home/training/Downloads/sujith3.csv'
INTO TABLE purchase fields terminated by ','lines terminated by '\n'
IGNORE 1 lines;
Query OK, 5 rows affected (0.00 sec)
Records: 5  Deleted: 0  Skipped: 0  Warnings: 0

mysql> show tables;
+--------------------+
| Tables_in_Commerce |
+--------------------+
| Clickstream        |
| customer           |
| purchase           |
+--------------------+
3 rows in set (0.00 sec)

mysql> SELECT * FROM Clickstream;
+--------+---------------------+----------------+
| userID | timestamp           | page           |
+--------+---------------------+----------------+
      |1 | 2023-01-01 10:00:00 | homepage
  |    1 | 2023-01-01 10:01:00 | product_page
      |2 | 2023-01-01 10:02:00 | homepage
     | 2 | 2023-01-01 10:03:00 | cart_page
      |3 | 2023-01-01 10:05:00 | homepage
  |    3 | 2023-01-01 10:06:00 | product_page
     | 3 | 2023-01-01 10:07:00 | cart_page
      |4 | 2023-01-01 10:09:00 | homepage
  |    4 | 2023-01-01 10:10:00 | product_page
     | 4 | 2023-01-01 10:11:00 | cart_page
 |     4 | 2023-01-01 10:12:00 | checkout_page
      |5 | 2023-01-01 10:15:00 | homepage
|      5 | 2023-01-01 10:16:00 | product_page   |
+--------+---------------------+----------------+
13 rows in set (0.00 sec)

mysql> SELECT * FROM customer;
+--------+----------------+----------------------+
| userID | name           | email                |
+--------+----------------+----------------------+
|      1 | John Doe       | john.doe@example.com |
|      2 | Jane Smith     | jane.smith@example.c |
|      3 | Robert Johnson | robert.johnson@examp |
|      4 | Lisa Brown     | lisa.brown@example.c |
|      5 | Michael Wilson | michael.wilson@examp |
+--------+----------------+----------------------+
5 rows in set (0.00 sec)

mysql> SELECT * FROM purchase;
+--------+---------------------+--------+
| userID | timestamp           | amount |
+--------+---------------------+--------+
   |   1 | 2023-01-01 10:05:00 | 100
   |   2 | 2023-01-01 10:08:00 | 150
   |   3 | 2023-01-01 10:09:00 | 200
   |   4 | 2023-01-01 10:13:00 | 120
|      5 | 2023-01-01 10:17:00 | 80     |
+--------+---------------------+--------+
5 rows in set (0.00 sec)

mysql> Ctrl-C -- exit!
Aborted
[training@localhost ~]$